pre-positive app/cbl/CBACT01C.cbl frontend=PARTIAL,lower=PARTIAL,cfg=PARTIAL,dependency=PARTIAL
pre-positive app/cbl/COACTUPC.cbl frontend=BLOCKED,lower=NOT_REACHED,cfg=NOT_REACHED,dependency=NOT_REACHED
pre-positive app/cbl/CBEXPORT.cbl frontend=PARTIAL,lower=PARTIAL,cfg=PARTIAL,dependency=PARTIAL
pre-positive app/app-authorization-ims-db2-mq/cbl/COPAUS1C.cbl frontend=PARTIAL,lower=PARTIAL,cfg=PARTIAL,dependency=PARTIAL
pre-positive app/app-vsam-mq/cbl/COACCT01.cbl frontend=PARTIAL,lower=PARTIAL,cfg=PARTIAL,dependency=PARTIAL
pre-positive app/app-authorization-ims-db2-mq/cbl/CBPAUP0C.cbl frontend=PARTIAL,lower=PARTIAL,cfg=PARTIAL,dependency=PARTIAL
pre-positive app/cbl/COADM01C.cbl frontend=PARTIAL,lower=PARTIAL,cfg=PARTIAL,dependency=PARTIAL
pre-positive app/app-authorization-ims-db2-mq/cbl/COPAUS2C.cbl frontend=PARTIAL,lower=PARTIAL,cfg=PARTIAL,dependency=PARTIAL
pre-positive app/cbl/CBACT04C.cbl frontend=PARTIAL,lower=PARTIAL,cfg=PARTIAL,dependency=PARTIAL
pre-positive app/cbl/COBSWAIT.cbl frontend=PARTIAL,lower=PARTIAL,cfg=PARTIAL,dependency=PARTIAL
w5 app/cbl/CBACT01C.cbl frontend=PARTIAL,lower=BLOCKED,cfg=NOT_REACHED,dependency=NOT_REACHED
w5 app/cbl/COACTUPC.cbl frontend=BLOCKED,lower=NOT_REACHED,cfg=NOT_REACHED,dependency=NOT_REACHED
w5 app/cbl/CBEXPORT.cbl frontend=PARTIAL,lower=BLOCKED,cfg=NOT_REACHED,dependency=NOT_REACHED
w5 app/app-authorization-ims-db2-mq/cbl/COPAUS1C.cbl frontend=PARTIAL,lower=BLOCKED,cfg=NOT_REACHED,dependency=NOT_REACHED
w5 app/app-vsam-mq/cbl/COACCT01.cbl frontend=PARTIAL,lower=BLOCKED,cfg=NOT_REACHED,dependency=NOT_REACHED
w5 app/app-authorization-ims-db2-mq/cbl/CBPAUP0C.cbl frontend=PARTIAL,lower=BLOCKED,cfg=NOT_REACHED,dependency=NOT_REACHED
w5 app/cbl/COADM01C.cbl frontend=PARTIAL,lower=BLOCKED,cfg=NOT_REACHED,dependency=NOT_REACHED
w5 app/app-authorization-ims-db2-mq/cbl/COPAUS2C.cbl frontend=PARTIAL,lower=BLOCKED,cfg=NOT_REACHED,dependency=NOT_REACHED
w5 app/cbl/CBACT04C.cbl frontend=PARTIAL,lower=BLOCKED,cfg=NOT_REACHED,dependency=NOT_REACHED
w5 app/cbl/COBSWAIT.cbl frontend=PARTIAL,lower=PARTIAL,cfg=PARTIAL,dependency=PARTIAL
w6 app/cbl/CBACT01C.cbl frontend=PARTIAL,lower=BLOCKED,cfg=NOT_REACHED,dependency=NOT_REACHED
w6 app/cbl/COACTUPC.cbl frontend=BLOCKED,lower=NOT_REACHED,cfg=NOT_REACHED,dependency=NOT_REACHED
w6 app/cbl/CBEXPORT.cbl frontend=PARTIAL,lower=BLOCKED,cfg=NOT_REACHED,dependency=NOT_REACHED
w6 app/app-authorization-ims-db2-mq/cbl/COPAUS1C.cbl frontend=PARTIAL,lower=BLOCKED,cfg=NOT_REACHED,dependency=NOT_REACHED
w6 app/app-vsam-mq/cbl/COACCT01.cbl frontend=PARTIAL,lower=BLOCKED,cfg=NOT_REACHED,dependency=NOT_REACHED
w6 app/app-authorization-ims-db2-mq/cbl/CBPAUP0C.cbl frontend=PARTIAL,lower=BLOCKED,cfg=NOT_REACHED,dependency=NOT_REACHED
w6 app/cbl/COADM01C.cbl frontend=PARTIAL,lower=BLOCKED,cfg=NOT_REACHED,dependency=NOT_REACHED
w6 app/app-authorization-ims-db2-mq/cbl/COPAUS2C.cbl frontend=PARTIAL,lower=BLOCKED,cfg=NOT_REACHED,dependency=NOT_REACHED
w6 app/cbl/CBACT04C.cbl frontend=PARTIAL,lower=BLOCKED,cfg=NOT_REACHED,dependency=NOT_REACHED
w6 app/cbl/COBSWAIT.cbl frontend=PARTIAL,lower=PARTIAL,cfg=PARTIAL,dependency=PARTIAL
w6-r1 app/cbl/CBACT01C.cbl frontend=PARTIAL,lower=BLOCKED,cfg=NOT_REACHED,dependency=NOT_REACHED
w6-r1 app/cbl/COACTUPC.cbl frontend=BLOCKED,lower=NOT_REACHED,cfg=NOT_REACHED,dependency=NOT_REACHED
w6-r1 app/cbl/CBEXPORT.cbl frontend=PARTIAL,lower=BLOCKED,cfg=NOT_REACHED,dependency=NOT_REACHED
w6-r1 app/app-authorization-ims-db2-mq/cbl/COPAUS1C.cbl frontend=PARTIAL,lower=BLOCKED,cfg=NOT_REACHED,dependency=NOT_REACHED
w6-r1 app/app-vsam-mq/cbl/COACCT01.cbl frontend=PARTIAL,lower=BLOCKED,cfg=NOT_REACHED,dependency=NOT_REACHED
w6-r1 app/app-authorization-ims-db2-mq/cbl/CBPAUP0C.cbl frontend=PARTIAL,lower=BLOCKED,cfg=NOT_REACHED,dependency=NOT_REACHED
w6-r1 app/cbl/COADM01C.cbl frontend=PARTIAL,lower=BLOCKED,cfg=NOT_REACHED,dependency=NOT_REACHED
w6-r1 app/app-authorization-ims-db2-mq/cbl/COPAUS2C.cbl frontend=PARTIAL,lower=BLOCKED,cfg=NOT_REACHED,dependency=NOT_REACHED
w6-r1 app/cbl/CBACT04C.cbl frontend=PARTIAL,lower=BLOCKED,cfg=NOT_REACHED,dependency=NOT_REACHED
w6-r1 app/cbl/COBSWAIT.cbl frontend=PARTIAL,lower=PARTIAL,cfg=PARTIAL,dependency=PARTIAL
w7 app/cbl/CBACT01C.cbl frontend=PARTIAL,lower=BLOCKED,cfg=NOT_REACHED,dependency=NOT_REACHED
w7 app/cbl/COACTUPC.cbl frontend=BLOCKED,lower=NOT_REACHED,cfg=NOT_REACHED,dependency=NOT_REACHED
w7 app/cbl/CBEXPORT.cbl frontend=PARTIAL,lower=BLOCKED,cfg=NOT_REACHED,dependency=NOT_REACHED
w7 app/app-authorization-ims-db2-mq/cbl/COPAUS1C.cbl frontend=PARTIAL,lower=BLOCKED,cfg=NOT_REACHED,dependency=NOT_REACHED
w7 app/app-vsam-mq/cbl/COACCT01.cbl frontend=PARTIAL,lower=BLOCKED,cfg=NOT_REACHED,dependency=NOT_REACHED
w7 app/app-authorization-ims-db2-mq/cbl/CBPAUP0C.cbl frontend=PARTIAL,lower=BLOCKED,cfg=NOT_REACHED,dependency=NOT_REACHED
w7 app/cbl/COADM01C.cbl frontend=PARTIAL,lower=BLOCKED,cfg=NOT_REACHED,dependency=NOT_REACHED
w7 app/app-authorization-ims-db2-mq/cbl/COPAUS2C.cbl frontend=PARTIAL,lower=BLOCKED,cfg=NOT_REACHED,dependency=NOT_REACHED
w7 app/cbl/CBACT04C.cbl frontend=PARTIAL,lower=BLOCKED,cfg=NOT_REACHED,dependency=NOT_REACHED
w7 app/cbl/COBSWAIT.cbl frontend=PARTIAL,lower=PARTIAL,cfg=PARTIAL,dependency=PARTIAL
w7-r1 app/cbl/CBACT01C.cbl frontend=PARTIAL,lower=BLOCKED,cfg=NOT_REACHED,dependency=NOT_REACHED
w7-r1 app/cbl/COACTUPC.cbl frontend=BLOCKED,lower=NOT_REACHED,cfg=NOT_REACHED,dependency=NOT_REACHED
w7-r1 app/cbl/CBEXPORT.cbl frontend=PARTIAL,lower=BLOCKED,cfg=NOT_REACHED,dependency=NOT_REACHED
w7-r1 app/app-authorization-ims-db2-mq/cbl/COPAUS1C.cbl frontend=PARTIAL,lower=BLOCKED,cfg=NOT_REACHED,dependency=NOT_REACHED
w7-r1 app/app-vsam-mq/cbl/COACCT01.cbl frontend=PARTIAL,lower=BLOCKED,cfg=NOT_REACHED,dependency=NOT_REACHED
w7-r1 app/app-authorization-ims-db2-mq/cbl/CBPAUP0C.cbl frontend=PARTIAL,lower=BLOCKED,cfg=NOT_REACHED,dependency=NOT_REACHED
w7-r1 app/cbl/COADM01C.cbl frontend=PARTIAL,lower=BLOCKED,cfg=NOT_REACHED,dependency=NOT_REACHED
w7-r1 app/app-authorization-ims-db2-mq/cbl/COPAUS2C.cbl frontend=PARTIAL,lower=BLOCKED,cfg=NOT_REACHED,dependency=NOT_REACHED
w7-r1 app/cbl/CBACT04C.cbl frontend=PARTIAL,lower=BLOCKED,cfg=NOT_REACHED,dependency=NOT_REACHED
w7-r1 app/cbl/COBSWAIT.cbl frontend=PARTIAL,lower=PARTIAL,cfg=PARTIAL,dependency=PARTIAL
